---
source: tests/js_define_message.rs
---
import { defineMessage, msg } from '@lingui/macro';
const message1 = defineMessage`Message`;
const message2 = msg`Message`

↓ ↓ ↓ ↓ ↓ ↓

const message1 = /*i18n*/ {
    id: "xDAtGP",
    message: "Message"
};
const message2 = /*i18n*/ {
    id: "xDAtGP",
    message: "Message"
};
