---
source: tests/js_icu.rs
---
import { plural } from '@lingui/macro'
plural(users.length, {
  offset: 1,
  0: "No books",
  1: "1 book",
  other: "\# books"
});

↓ ↓ ↓ ↓ ↓ ↓

import { i18n as $_i18n } from "@lingui/core";
$_i18n._(/*i18n*/ {
    id: "CF5t-7",
    message: "{0, plural, offset:1 =0 {No books} =1 {1 book} other {# books}}",
    values: {
        0: users.length
    }
});
