---
source: tests/js_icu.rs
---
import { select } from '@lingui/macro'
select(value, {
  offset: "..",
  any: "..",
  other: "..",
});

↓ ↓ ↓ ↓ ↓ ↓

import { i18n as $_i18n } from "@lingui/core";
$_i18n._(/*i18n*/ {
    id: "QHtFym",
    message: "{value, select, offset {..} any {..} other {..}}",
    values: {
        value: value
    }
});
