---
source: tests/jsx.rs
---
import { Trans } from "@lingui/react/macro";
<Trans>
  Strip whitespace around tags, but keep{" "}
  <strong>forced spaces</strong>
  !
</Trans>

↓ ↓ ↓ ↓ ↓ ↓

import { Trans as Trans_ } from "@lingui/react";
<Trans_ {.../*i18n*/ {
    id: "Ud4KOf",
    components: {
        0: <strong/>
    },
    message: "Strip whitespace around tags, but keep <0>forced spaces</0>!"
}}/>;
