---
source: tests/jsx_named_placeholders.rs
info:
  jsx_placeholder_attribute: _t
---
import { Trans } from '@lingui/react/macro';
<Trans><a _t="same" href="/" {...spread}>A</a> <a _t="same" {...spread} href="/">B</a></Trans>

↓ ↓ ↓ ↓ ↓ ↓

error: Multiple distinct JSX elements with the same placeholder name (`same`). Differentiate them by adding/modifying the `_t` attribute (e.g. `<element _t="newName" />`).
 --> input.tsx:2:48
  |
2 | <Trans><a _t="same" href="/" {...spread}>A</a> <a _t="same" {...spread} href="/">B</a></Trans>
  |                                                ^^^^^^^^^^^^^^^^^^^^^^^^^^^^^^^^^^
