---
source: crates/lingui_macro/tests/labeled_expressions.rs
info: {}
---
import { Trans, ph } from "@lingui/react/macro";
<Trans>Refresh {ph({foo: bar, baz: qux})} inbox</Trans>;

↓ ↓ ↓ ↓ ↓ ↓

error: Incorrect usage of a labeled expression. Expected exactly one property as `{variableName: variableValue}`.
 --> input.tsx:2:20
  |
2 | <Trans>Refresh {ph({foo: bar, baz: qux})} inbox</Trans>;
  |                    ^^^^^^^^^^^^^^^^^^^^
