---
source: crates/lingui_macro/tests/lingui_directive.rs
---
import { Trans } from "@lingui/react/macro";
/* lingui-set idPrefix="module." */
const el = <Trans id="greeting">Hello</Trans>;

↓ ↓ ↓ ↓ ↓ ↓

import { Trans as Trans_ } from "@lingui/react";
/* lingui-set idPrefix="module." */ const el = <Trans_ {.../*i18n*/ {
    id: "module.greeting",
    message: "Hello"
}}/>;
