---
source: crates/lingui_macro/tests/lingui_directive.rs
info:
  id_prefix_leader: "."
---
import { Trans } from "@lingui/react/macro";
/* lingui-set idPrefix="checkout" */
const el = <Trans id=".greeting">Hello</Trans>;

↓ ↓ ↓ ↓ ↓ ↓

import { Trans as Trans_ } from "@lingui/react";
/* lingui-set idPrefix="checkout" */ const el = <Trans_ {.../*i18n*/ {
    id: "checkout.greeting",
    message: "Hello"
}}/>;
