---
source: crates/lingui_macro/tests/lingui_directive.rs
---
import { defineMessage } from '@lingui/core/macro';
/* lingui-set context="my context" */
const msg = defineMessage({ message: "Hello" })

↓ ↓ ↓ ↓ ↓ ↓

/* lingui-set context="my context" */ const msg = /*i18n*/ {
    id: "WMU_Op",
    message: "Hello",
    context: "my context"
};
