---
source: tests/js_define_message.rs
---
import { defineMessage } from '@lingui/core/macro';
/* lingui-set idPrefix="module." */
const msg = defineMessage({ id: "greeting", message: "Hello" })

↓ ↓ ↓ ↓ ↓ ↓

/* lingui-set idPrefix="module." */ const msg = /*i18n*/ {
    id: "module.greeting",
    message: "Hello"
};
