---
source: tests/js_t.rs
info:
  id_prefix_leader: "."
---
import { i18n } from '@lingui/core/macro';
import { t } from '@lingui/core/macro';
/* lingui-set idPrefix="module" comment="cmt" */
const msg = i18n.t({ id: "unprefixed", message: "Welcome" })
const msg2 = t({ id: ".my.id", message: "Welcome" })

↓ ↓ ↓ ↓ ↓ ↓

import { i18n as $_i18n } from "@lingui/core";
/* lingui-set idPrefix="module" comment="cmt" */ const msg = i18n.t({
    id: "unprefixed",
    message: "Welcome"
});
const msg2 = $_i18n._(/*i18n*/ {
    id: "module.my.id",
    message: "Welcome",
    comment: "cmt"
});
