---
source: tests/lingui_directive.rs
---
import { Trans } from "@lingui/react/macro";
/* lingui-set context="header" */
const h = <Trans>Title</Trans>;
/* lingui-set context="footer" */
const f = <Trans>Copyright</Trans>;

↓ ↓ ↓ ↓ ↓ ↓

import { Trans as Trans_ } from "@lingui/react";
/* lingui-set context="header" */ const h = <Trans_ {.../*i18n*/ {
    id: "cxvq4E",
    message: "Title",
    context: "header"
}}/>;
/* lingui-set context="footer" */ const f = <Trans_ {.../*i18n*/ {
    id: "wtNRmE",
    message: "Copyright",
    context: "footer"
}}/>;
