---
source: tests/use_lingui.rs
---
import { useLingui } from '@lingui/react/macro';

function MyComponent() {
  const { i18n } = useLingui();
  console.log(i18n);
}

↓ ↓ ↓ ↓ ↓ ↓

import { useLingui as $_useLingui } from "@lingui/react";
function MyComponent() {
    const { i18n, _: $__ } = $_useLingui();
    console.log(i18n);
}
